
> frontend@0.1.0 dev
> next dev

▲ Next.js 16.3.3 (Turbopack)
- Local:         http://localhost:3000
- Network:       http://10.0.0.216:3000
- Environments: .env.local
✓ Ready in 824ms
✓ Running next.config.ts took 58ms

Attention: Clerk collects telemetry data from its SDKs when connected to development instances.
The data collected is used to inform Clerk's product roadmap.
To learn more, including how to opt-out from the telemetry program, visit: https://clerk.com/docs/telemetry.

 GET /dashboard 404 in 674ms (next.js: 164ms, proxy.ts: 262ms, application-code: 248ms)
 GET / 500 in 209ms (next.js: 49ms, proxy.ts: 14ms, application-code: 147ms)
✓ Compiled in 215ms
Clerk: Refreshing the session token resulted in an infinite redirect loop. This usually means that your Clerk instance keys do not match - make sure to copy the correct publishable and secret keys from the Clerk dashboard.
 GET / 200 in 96ms (next.js: 21ms, proxy.ts: 20ms, application-code: 55ms)
Clerk: Refreshing the session token resulted in an infinite redirect loop. This usually means that your Clerk instance keys do not match - make sure to copy the correct publishable and secret keys from the Clerk dashboard.
  Reload env: .env.local
  Reload env: .env.local
  Reload env: .env.local
  Reload env: .env.local
Clerk: Refreshing the session token resulted in an infinite redirect loop. This usually means that your Clerk instance keys do not match - make sure to copy the correct publishable and secret keys from the Clerk dashboard.
 GET /pricing 200 in 3.4s (next.js: 2.7s, proxy.ts: 8ms, application-code: 672ms)
Clerk: Refreshing the session token resulted in an infinite redirect loop. This usually means that your Clerk instance keys do not match - make sure to copy the correct publishable and secret keys from the Clerk dashboard.
 POST /api/webhooks/stripe 400 in 1472ms (next.js: 1396ms, proxy.ts: 16ms, application-code: 61ms)
 GET /api/props?playerId=2544 403 in 2.3s (next.js: 1161ms, proxy.ts: 1034ms, application-code: 130ms)
Clerk: Refreshing the session token resulted in an infinite redirect loop. This usually means that your Clerk instance keys do not match - make sure to copy the correct publishable and secret keys from the Clerk dashboard.
Clerk: Refreshing the session token resulted in an infinite redirect loop. This usually means that your Clerk instance keys do not match - make sure to copy the correct publishable and secret keys from the Clerk dashboard.
Clerk: Refreshing the session token resulted in an infinite redirect loop. This usually means that your Clerk instance keys do not match - make sure to copy the correct publishable and secret keys from the Clerk dashboard.
Clerk: Refreshing the session token resulted in an infinite redirect loop. This usually means that your Clerk instance keys do not match - make sure to copy the correct publishable and secret keys from the Clerk dashboard.
